1110000000101110,1110110100001011,xxxxxxxxxxxxxxxx
1110000000101110,1011100101111111,xxxxxxxxxxxxxxxx
0001001110000010,1110110100001011,0111111110000000
0001001110000010,1011100101111111,0101101000101101
0001001110000010,1011100101111111,1100000100001101
0001001110000010,1011100101111111,1000110110000001
